// Jest Snapshot v1, https://goo.gl/fbAQLP

exports[`should render SignInSignUpPage component 1`] = `
<styled.div>
  <Connect(SignIn) />
  <Connect(SignUp) />
</styled.div>
`;
