// Jest Snapshot v1, https://goo.gl/fbAQLP

exports[`FormInput component should render FormInput component 1`] = `
<GroupDiv>
  <Input
    onChange={[MockFunction]}
    value="test@gmail.com"
  />
  <FormInputLabel
    value="test@gmail.com"
  >
    email
  </FormInputLabel>
</GroupDiv>
`;
